[2024-06-06 23:16:48,343: INFO: main: Welcome to our custom logging]
[2024-06-08 01:37:32,666: INFO: common: yaml file: config\config.yaml load sucessfully]
[2024-06-08 01:37:32,667: INFO: common: yaml file: params.yaml load sucessfully]
[2024-06-08 01:55:51,497: INFO: main: Welcome to our custom logging]
[2024-06-08 01:55:51,497: INFO: main: >>>>>> stage Data Ingestion stage started <<<<<<]
[2024-06-08 01:55:51,498: INFO: common: yaml file: config\config.yaml load sucessfully]
[2024-06-08 01:55:51,499: INFO: common: yaml file: params.yaml load sucessfully]
[2024-06-08 01:55:51,499: ERROR: main: yaml file is empty]
Traceback (most recent call last):
  File "D:\MY Work\end-to-end-ML-project-with-MLFlow\src\mlProject\utils\common.py", line 31, in read_yaml
    return ConfigBox(content)
           ^^^^^^^^^^^^^^^^^^
  File "D:\MY Work\end-to-end-ML-project-with-MLFlow\myenv\Lib\site-packages\box\box.py", line 296, in __init__
    raise BoxValueError("First argument must be mapping or iterable")
box.exceptions.BoxValueError: First argument must be mapping or iterable

During handling of the above exception, another exception occurred:

Traceback (most recent call last):
  File "D:\MY Work\end-to-end-ML-project-with-MLFlow\main.py", line 11, in <module>
    obj.main()
  File "D:\MY Work\end-to-end-ML-project-with-MLFlow\src\mlProject\pipeline\stage_01_data_ingestion.py", line 12, in main
    config = ConfigurationManager()
             ^^^^^^^^^^^^^^^^^^^^^^
  File "D:\MY Work\end-to-end-ML-project-with-MLFlow\src\mlProject\config\configuration.py", line 13, in __init__
    self.params = read_yaml(params_filepath)
                  ^^^^^^^^^^^^^^^^^^^^^^^^^^
  File "D:\MY Work\end-to-end-ML-project-with-MLFlow\myenv\Lib\site-packages\ensure\main.py", line 872, in __call__
    return_val = self.f(*args, **kwargs)
                 ^^^^^^^^^^^^^^^^^^^^^^^
  File "D:\MY Work\end-to-end-ML-project-with-MLFlow\src\mlProject\utils\common.py", line 33, in read_yaml
    raise ValueError("yaml file is empty")
ValueError: yaml file is empty
